# Mostly TF Learning Notes 
#
# Search with --- FATT --- 
#
dhankar@dhankar-VPCEB44EN:/media/dhankar/Dhankar_1/a6_18/OwnFork_TensorFlow$ git init
Initialized empty Git repository in /media/dhankar/Dhankar_1/a6_18/OwnFork_TensorFlow/.git/
dhankar@dhankar-VPCEB44EN:/media/dhankar/Dhankar_1/a6_18/OwnFork_TensorFlow$ 
dhankar@dhankar-VPCEB44EN:/media/dhankar/Dhankar_1/a6_18/OwnFork_TensorFlow$ git clone https://github.com/digital-cognition-co-in/tensorflow
Cloning into 'tensorflow'...
remote: Enumerating objects: 469474, done.
remote: Total 469474 (delta 0), reused 0 (delta 0), pack-reused 469474
Receiving objects: 100% (469474/469474), 277.42 MiB | 1.72 MiB/s, done.
Resolving deltas: 100% (376455/376455), done.
Checking connectivity... done.
Checking out files: 100% (13654/13654), done.
dhankar@dhankar-VPCEB44EN:/media/dhankar/Dhankar_1/a6_18/OwnFork_TensorFlow$ 

#
dhankar@dhankar-VPCEB44EN:/media/dhankar/Dhankar_1/a6_18/OwnFork_TensorFlow$ cd tensorflow
dhankar@dhankar-VPCEB44EN:/media/dhankar/Dhankar_1/a6_18/OwnFork_TensorFlow/tensorflow$ ls
a6__Dhankar_OwnCodeLogs  arm_compiler.BUILD  CODE_OF_CONDUCT.md  configure.py     ISSUE_TEMPLATE.md  README.md    tensorflow   WORKSPACE
ACKNOWLEDGMENTS          AUTHORS             CODEOWNERS          CONTRIBUTING.md  LICENSE            RELEASE.md   third_party
ADOPTERS.md              BUILD               configure           ISSUES.md        models.BUILD       SECURITY.md  tools
dhankar@dhankar-VPCEB44EN:/media/dhankar/Dhankar_1/a6_18/OwnFork_TensorFlow/tensorflow$ git status
On branch master
Your branch is up-to-date with 'origin/master'.
Untracked files:
  (use "git add <file>..." to include in what will be committed)

	a6__Dhankar_OwnCodeLogs/

nothing added to commit but untracked files present (use "git add" to track)
dhankar@dhankar-VPCEB44EN:/media/dhankar/Dhankar_1/a6_18/OwnFork_TensorFlow/tensorflow$ git add .
dhankar@dhankar-VPCEB44EN:/media/dhankar/Dhankar_1/a6_18/OwnFork_TensorFlow/tensorflow$ git commit -m"init_logs"
[master c438423] init_logs
 1 file changed, 19 insertions(+)
 create mode 100644 a6__Dhankar_OwnCodeLogs/a6_OwnCodeLogs_.txt
dhankar@dhankar-VPCEB44EN:/media/dhankar/Dhankar_1/a6_18/OwnFork_TensorFlow/tensorflow$ 
dhankar@dhankar-VPCEB44EN:/media/dhankar/Dhankar_1/a6_18/OwnFork_TensorFlow/tensorflow$ git push
Username for 'https://github.com': RohitDhankar
Password for 'https://RohitDhankar@github.com': 
Counting objects: 4, done.
Delta compression using up to 4 threads.
Compressing objects: 100% (3/3), done.
Writing objects: 100% (4/4), 726 bytes | 0 bytes/s, done.
Total 4 (delta 1), reused 0 (delta 0)
remote: Resolving deltas: 100% (1/1), completed with 1 local object.
To https://github.com/digital-cognition-co-in/tensorflow
   ff2da78..c438423  master -> master
dhankar@dhankar-VPCEB44EN:/media/dhankar/Dhankar_1/a6_18/OwnFork_TensorFlow/tensorflow$ git status
On branch master
Your branch is up-to-date with 'origin/master'.
nothing to commit, working directory clean
dhankar@dhankar-VPCEB44EN:/media/dhankar/Dhankar_1/a6_18/OwnFork_TensorFlow/tensorflow$ 
#

